jellyfin-v10.9.0-test  | [21:58:29] [INF] [12] Jellyfin.Api.Auth.CustomAuthenticationHandler: AuthenticationScheme: CustomAuthentication was challenged.
jellyfin-v10.9.0-test  | [21:58:30] [INF] [12] Jellyfin.Server.Implementations.Users.UserManager: Authentication request for admin has succeeded.
jellyfin-v10.9.0-test  | [21:58:30] [INF] [12] Emby.Server.Implementations.Session.SessionManager: Current/Max sessions for user admin: 2/0
jellyfin-v10.9.0-test  | [21:58:30] [INF] [12] Emby.Server.Implementations.Session.SessionManager: Logging out access token [REDACTED]
jellyfin-v10.9.0-test  | [21:58:30] [INF] [12] Emby.Server.Implementations.Session.SessionManager: Creating new access token for user 4b90482c-db29-4714-a2e6-a4ce3ceb181f
jellyfin-v10.9.0-test  | [21:58:30] [INF] [12] Emby.Server.Implementations.AppBase.BaseConfigurationManager: Saving system configuration
jellyfin-v10.9.0-test  | [21:58:30] [INF] [12] Emby.Server.Implementations.AppBase.BaseConfigurationManager: Setting cache path: /cache
jellyfin-v10.9.0-test  | [22:00:39] [INF] [4] Jellyfin.Api.Auth.CustomAuthenticationHandler: AuthenticationScheme: CustomAuthentication was challenged.
jellyfin-v10.9.0-test  | [22:00:39] [INF] [4] Jellyfin.Server.Implementations.Users.UserManager: Authentication request for admin has succeeded.
jellyfin-v10.9.0-test  | [22:00:39] [INF] [4] Emby.Server.Implementations.Session.SessionManager: Current/Max sessions for user admin: 2/0
jellyfin-v10.9.0-test  | [22:00:39] [INF] [4] Emby.Server.Implementations.Session.SessionManager: Logging out access token [REDACTED]
jellyfin-v10.9.0-test  | [22:00:39] [INF] [4] Emby.Server.Implementations.Session.SessionManager: Creating new access token for user 4b90482c-db29-4714-a2e6-a4ce3ceb181f
jellyfin-v10.9.0-test  | [22:00:39] [INF] [12] Emby.Server.Implementations.AppBase.BaseConfigurationManager: Saving system configuration
jellyfin-v10.9.0-test  | [22:00:39] [INF] [12] Emby.Server.Implementations.AppBase.BaseConfigurationManager: Setting cache path: /cache
jellyfin-v10.9.0-test  | [22:00:39] [INF] [4] Jellyfin.Api.Auth.CustomAuthenticationHandler: AuthenticationScheme: CustomAuthentication was challenged.
jellyfin-v10.9.0-test  | [22:00:55] [INF] [12] Jellyfin.Server.Implementations.Users.UserManager: Authentication request for admin has succeeded.
jellyfin-v10.9.0-test  | [22:00:55] [INF] [12] Emby.Server.Implementations.Session.SessionManager: Current/Max sessions for user admin: 2/0
jellyfin-v10.9.0-test  | [22:00:55] [INF] [12] Emby.Server.Implementations.Session.SessionManager: Logging out access token [REDACTED]
jellyfin-v10.9.0-test  | [22:00:55] [INF] [12] Emby.Server.Implementations.Session.SessionManager: Creating new access token for user 4b90482c-db29-4714-a2e6-a4ce3ceb181f
jellyfin-v10.9.0-test  | [22:00:55] [WRN] [12] MediaBrowser.Controller.Entities.BaseItem: Library folder /config/data/playlists is inaccessible or empty, skipping
jellyfin-v10.9.0-test  | [22:00:55] [INF] [11] Emby.Server.Implementations.Library.LibraryManager: Validating media library
jellyfin-v10.9.0-test  | [22:00:55] [WRN] [11] MediaBrowser.Controller.Entities.BaseItem: Library folder /config/data/playlists is inaccessible or empty, skipping
jellyfin-v10.9.0-test  | [22:00:55] [WRN] [4] MediaBrowser.Controller.Entities.BaseItem: Library folder /config/data/playlists is inaccessible or empty, skipping
jellyfin-v10.9.0-test  | [22:00:56] [INF] [23] MediaBrowser.MediaEncoding.Encoder.MediaEncoder: Starting /usr/lib/jellyfin-ffmpeg/ffprobe with args -analyzeduration 200M -probesize 1G -i file:"/media/seed-music/02 - Comparison Tone.wav" -threads 0 -v warning -print_format json -show_streams -show_format
jellyfin-v10.9.0-test  | [22:00:56] [INF] [11] MediaBrowser.MediaEncoding.Encoder.MediaEncoder: Starting /usr/lib/jellyfin-ffmpeg/ffprobe with args -analyzeduration 200M -probesize 1G -i file:"/media/seed-music/01 - Reference Tone.wav" -threads 0 -v warning -print_format json -show_streams -show_format
jellyfin-v10.9.0-test  | [22:00:56] [INF] [11] Emby.Server.Implementations.ScheduledTasks.TaskManager: Scan Media Library Completed after 0 minute(s) and 0 seconds
jellyfin-v10.9.0-test  | [22:01:28] [INF] [23] Jellyfin.Api.Auth.CustomAuthenticationHandler: AuthenticationScheme: CustomAuthentication was challenged.
jellyfin-v10.9.0-test  | [22:01:28] [INF] [23] Jellyfin.Server.Implementations.Users.UserManager: Authentication request for admin has succeeded.
jellyfin-v10.9.0-test  | [22:01:28] [INF] [23] Emby.Server.Implementations.Session.SessionManager: Current/Max sessions for user admin: 2/0
jellyfin-v10.9.0-test  | [22:01:28] [INF] [23] Emby.Server.Implementations.Session.SessionManager: Logging out access token [REDACTED]
jellyfin-v10.9.0-test  | [22:01:28] [INF] [23] Emby.Server.Implementations.Session.SessionManager: Creating new access token for user 4b90482c-db29-4714-a2e6-a4ce3ceb181f
jellyfin-v10.9.0-test  | [22:01:29] [INF] [23] Emby.Server.Implementations.AppBase.BaseConfigurationManager: Saving system configuration
jellyfin-v10.9.0-test  | [22:01:29] [INF] [23] Emby.Server.Implementations.AppBase.BaseConfigurationManager: Setting cache path: /cache
jellyfin-v10.9.0-test  | [22:01:29] [INF] [4] Jellyfin.Server.Implementations.Users.UserManager: Authentication request for admin has succeeded.
jellyfin-v10.9.0-test  | [22:01:29] [INF] [4] Emby.Server.Implementations.Session.SessionManager: Current/Max sessions for user admin: 2/0
jellyfin-v10.9.0-test  | [22:01:29] [INF] [4] Emby.Server.Implementations.Session.SessionManager: Logging out access token [REDACTED]
jellyfin-v10.9.0-test  | [22:01:29] [INF] [4] Emby.Server.Implementations.Session.SessionManager: Creating new access token for user 4b90482c-db29-4714-a2e6-a4ce3ceb181f
jellyfin-v10.9.0-test  | [22:01:29] [INF] [23] Emby.Server.Implementations.Library.LibraryManager: Validating media library
jellyfin-v10.9.0-test  | [22:01:29] [WRN] [23] MediaBrowser.Controller.Entities.BaseItem: Library folder /config/data/playlists is inaccessible or empty, skipping
jellyfin-v10.9.0-test  | [22:01:29] [WRN] [17] MediaBrowser.Controller.Entities.BaseItem: Library folder /config/data/playlists is inaccessible or empty, skipping
jellyfin-v10.9.0-test  | [22:01:29] [INF] [23] MediaBrowser.MediaEncoding.Encoder.MediaEncoder: Starting /usr/lib/jellyfin-ffmpeg/ffprobe with args -analyzeduration 200M -probesize 1G -i file:"/media/seed-music/02 - Comparison Tone.wav" -threads 0 -v warning -print_format json -show_streams -show_format
jellyfin-v10.9.0-test  | [22:01:29] [INF] [17] MediaBrowser.MediaEncoding.Encoder.MediaEncoder: Starting /usr/lib/jellyfin-ffmpeg/ffprobe with args -analyzeduration 200M -probesize 1G -i file:"/media/seed-music/01 - Reference Tone.wav" -threads 0 -v warning -print_format json -show_streams -show_format
jellyfin-v10.9.0-test  | [22:01:29] [INF] [11] Emby.Server.Implementations.ScheduledTasks.TaskManager: Scan Media Library Completed after 0 minute(s) and 0 seconds
jellyfin-v10.9.0-test  | [22:02:03] [INF] [17] Jellyfin.Api.Auth.CustomAuthenticationHandler: AuthenticationScheme: CustomAuthentication was challenged.
jellyfin-v10.9.0-test  | [22:02:03] [INF] [11] Jellyfin.Server.Implementations.Users.UserManager: Authentication request for admin has succeeded.
jellyfin-v10.9.0-test  | [22:02:03] [INF] [11] Emby.Server.Implementations.Session.SessionManager: Current/Max sessions for user admin: 2/0
jellyfin-v10.9.0-test  | [22:02:03] [INF] [11] Emby.Server.Implementations.Session.SessionManager: Logging out access token [REDACTED]
jellyfin-v10.9.0-test  | [22:02:03] [INF] [11] Emby.Server.Implementations.Session.SessionManager: Creating new access token for user 4b90482c-db29-4714-a2e6-a4ce3ceb181f
jellyfin-v10.9.0-test  | [22:02:03] [INF] [23] Emby.Server.Implementations.AppBase.BaseConfigurationManager: Saving system configuration
jellyfin-v10.9.0-test  | [22:02:03] [INF] [23] Emby.Server.Implementations.AppBase.BaseConfigurationManager: Setting cache path: /cache
jellyfin-v10.9.0-test  | [22:02:04] [INF] [23] Jellyfin.Server.Implementations.Users.UserManager: Authentication request for admin has succeeded.
jellyfin-v10.9.0-test  | [22:02:04] [INF] [23] Emby.Server.Implementations.Session.SessionManager: Current/Max sessions for user admin: 2/0
jellyfin-v10.9.0-test  | [22:02:04] [INF] [23] Emby.Server.Implementations.Session.SessionManager: Logging out access token [REDACTED]
jellyfin-v10.9.0-test  | [22:02:04] [INF] [23] Emby.Server.Implementations.Session.SessionManager: Creating new access token for user 4b90482c-db29-4714-a2e6-a4ce3ceb181f
jellyfin-v10.9.0-test  | [22:02:04] [INF] [23] Emby.Server.Implementations.Library.LibraryManager: Validating media library
jellyfin-v10.9.0-test  | [22:02:04] [WRN] [23] MediaBrowser.Controller.Entities.BaseItem: Library folder /config/data/playlists is inaccessible or empty, skipping
jellyfin-v10.9.0-test  | [22:02:04] [WRN] [23] MediaBrowser.Controller.Entities.BaseItem: Library folder /config/data/playlists is inaccessible or empty, skipping
jellyfin-v10.9.0-test  | [22:02:04] [INF] [6] MediaBrowser.MediaEncoding.Encoder.MediaEncoder: Starting /usr/lib/jellyfin-ffmpeg/ffprobe with args -analyzeduration 200M -probesize 1G -i file:"/media/seed-music/02 - Comparison Tone.wav" -threads 0 -v warning -print_format json -show_streams -show_format
jellyfin-v10.9.0-test  | [22:02:04] [INF] [17] MediaBrowser.MediaEncoding.Encoder.MediaEncoder: Starting /usr/lib/jellyfin-ffmpeg/ffprobe with args -analyzeduration 200M -probesize 1G -i file:"/media/seed-music/01 - Reference Tone.wav" -threads 0 -v warning -print_format json -show_streams -show_format
jellyfin-v10.9.0-test  | [22:02:04] [INF] [11] Emby.Server.Implementations.ScheduledTasks.TaskManager: Scan Media Library Completed after 0 minute(s) and 0 seconds
jellyfin-v10.9.0-test  | [22:04:12] [INF] [4] Jellyfin.Api.Auth.CustomAuthenticationHandler: AuthenticationScheme: CustomAuthentication was challenged.
jellyfin-v10.9.0-test  | [22:04:12] [INF] [4] Jellyfin.Server.Implementations.Users.UserManager: Authentication request for admin has succeeded.
jellyfin-v10.9.0-test  | [22:04:12] [INF] [4] Emby.Server.Implementations.Session.SessionManager: Current/Max sessions for user admin: 2/0
jellyfin-v10.9.0-test  | [22:04:12] [INF] [4] Emby.Server.Implementations.Session.SessionManager: Logging out access token [REDACTED]
jellyfin-v10.9.0-test  | [22:04:12] [INF] [4] Emby.Server.Implementations.Session.SessionManager: Creating new access token for user 4b90482c-db29-4714-a2e6-a4ce3ceb181f
jellyfin-v10.9.0-test  | [22:04:12] [INF] [4] Emby.Server.Implementations.AppBase.BaseConfigurationManager: Saving system configuration
jellyfin-v10.9.0-test  | [22:04:12] [INF] [4] Emby.Server.Implementations.AppBase.BaseConfigurationManager: Setting cache path: /cache
jellyfin-v10.9.0-test  | [22:04:12] [INF] [3] Jellyfin.Server.Implementations.Users.UserManager: Authentication request for admin has succeeded.
jellyfin-v10.9.0-test  | [22:04:12] [INF] [3] Emby.Server.Implementations.Session.SessionManager: Current/Max sessions for user admin: 2/0
jellyfin-v10.9.0-test  | [22:04:12] [INF] [3] Emby.Server.Implementations.Session.SessionManager: Logging out access token [REDACTED]
jellyfin-v10.9.0-test  | [22:04:12] [INF] [3] Emby.Server.Implementations.Session.SessionManager: Creating new access token for user 4b90482c-db29-4714-a2e6-a4ce3ceb181f
jellyfin-v10.9.0-test  | [22:04:12] [INF] [12] Emby.Server.Implementations.Library.LibraryManager: Validating media library
jellyfin-v10.9.0-test  | [22:04:12] [WRN] [12] MediaBrowser.Controller.Entities.BaseItem: Library folder /config/data/playlists is inaccessible or empty, skipping
jellyfin-v10.9.0-test  | [22:04:12] [WRN] [12] MediaBrowser.Controller.Entities.BaseItem: Library folder /config/data/playlists is inaccessible or empty, skipping
jellyfin-v10.9.0-test  | [22:04:12] [INF] [3] MediaBrowser.MediaEncoding.Encoder.MediaEncoder: Starting /usr/lib/jellyfin-ffmpeg/ffprobe with args -analyzeduration 200M -probesize 1G -i file:"/media/seed-music/02 - Comparison Tone.wav" -threads 0 -v warning -print_format json -show_streams -show_format
jellyfin-v10.9.0-test  | [22:04:12] [INF] [24] MediaBrowser.MediaEncoding.Encoder.MediaEncoder: Starting /usr/lib/jellyfin-ffmpeg/ffprobe with args -analyzeduration 200M -probesize 1G -i file:"/media/seed-music/01 - Reference Tone.wav" -threads 0 -v warning -print_format json -show_streams -show_format
jellyfin-v10.9.0-test  | [22:04:13] [INF] [4] Emby.Server.Implementations.ScheduledTasks.TaskManager: Scan Media Library Completed after 0 minute(s) and 0 seconds
jellyfin-v10.9.0-test  | [22:07:39] [INF] [6] Jellyfin.Api.Auth.CustomAuthenticationHandler: AuthenticationScheme: CustomAuthentication was challenged.
jellyfin-v10.9.0-test  | [22:07:39] [INF] [11] Jellyfin.Server.Implementations.Users.UserManager: Authentication request for admin has succeeded.
jellyfin-v10.9.0-test  | [22:07:39] [INF] [11] Emby.Server.Implementations.Session.SessionManager: Current/Max sessions for user admin: 2/0
jellyfin-v10.9.0-test  | [22:07:39] [INF] [11] Emby.Server.Implementations.Session.SessionManager: Logging out access token [REDACTED]
jellyfin-v10.9.0-test  | [22:07:39] [INF] [11] Emby.Server.Implementations.Session.SessionManager: Creating new access token for user 4b90482c-db29-4714-a2e6-a4ce3ceb181f
jellyfin-v10.9.0-test  | [22:07:39] [INF] [11] Emby.Server.Implementations.AppBase.BaseConfigurationManager: Saving system configuration
jellyfin-v10.9.0-test  | [22:07:39] [INF] [11] Emby.Server.Implementations.AppBase.BaseConfigurationManager: Setting cache path: /cache
jellyfin-v10.9.0-test  | [22:07:40] [INF] [3] Jellyfin.Server.Implementations.Users.UserManager: Authentication request for admin has succeeded.
jellyfin-v10.9.0-test  | [22:07:40] [INF] [3] Emby.Server.Implementations.Session.SessionManager: Current/Max sessions for user admin: 2/0
jellyfin-v10.9.0-test  | [22:07:40] [INF] [3] Emby.Server.Implementations.Session.SessionManager: Logging out access token [REDACTED]
jellyfin-v10.9.0-test  | [22:07:40] [INF] [3] Emby.Server.Implementations.Session.SessionManager: Creating new access token for user 4b90482c-db29-4714-a2e6-a4ce3ceb181f
jellyfin-v10.9.0-test  | [22:07:40] [INF] [3] Emby.Server.Implementations.Library.LibraryManager: Validating media library
jellyfin-v10.9.0-test  | [22:07:40] [WRN] [3] MediaBrowser.Controller.Entities.BaseItem: Library folder /config/data/playlists is inaccessible or empty, skipping
jellyfin-v10.9.0-test  | [22:07:40] [WRN] [6] MediaBrowser.Controller.Entities.BaseItem: Library folder /config/data/playlists is inaccessible or empty, skipping
jellyfin-v10.9.0-test  | [22:07:40] [INF] [11] MediaBrowser.MediaEncoding.Encoder.MediaEncoder: Starting /usr/lib/jellyfin-ffmpeg/ffprobe with args -analyzeduration 200M -probesize 1G -i file:"/media/seed-music/02 - Comparison Tone.wav" -threads 0 -v warning -print_format json -show_streams -show_format
jellyfin-v10.9.0-test  | [22:07:40] [INF] [3] MediaBrowser.MediaEncoding.Encoder.MediaEncoder: Starting /usr/lib/jellyfin-ffmpeg/ffprobe with args -analyzeduration 200M -probesize 1G -i file:"/media/seed-music/01 - Reference Tone.wav" -threads 0 -v warning -print_format json -show_streams -show_format
jellyfin-v10.9.0-test  | [22:07:40] [INF] [3] Emby.Server.Implementations.ScheduledTasks.TaskManager: Scan Media Library Completed after 0 minute(s) and 0 seconds
jellyfin-v10.9.0-test  | [22:16:05] [INF] [29] Emby.Server.Implementations.Session.SessionManager: Sending shutdown notifications
jellyfin-v10.9.0-test  | [22:16:05] [INF] [25] Jellyfin.Networking.PortForwardingHost: Stopping NAT discovery
jellyfin-v10.9.0-test  | [22:16:05] [INF] [28] Main: Running query planner optimizations in the database... This might take a while
jellyfin-v10.9.0-test  | [22:16:05] [INF] [28] Emby.Server.Implementations.ApplicationHost: Disposing CoreAppHost
jellyfin-v10.9.0-test  | [22:16:05] [INF] [28] Emby.Server.Implementations.ApplicationHost: Disposing MusicBrainzArtistProvider
jellyfin-v10.9.0-test  | [22:16:05] [INF] [28] Emby.Server.Implementations.ApplicationHost: Disposing MusicBrainzAlbumProvider
jellyfin-v10.9.0-test  | [22:16:05] [INF] [28] Emby.Server.Implementations.ApplicationHost: Disposing PluginManager
jellyfin-v10.9.0-test  | [21:23:00] [INF] [1] Main: Jellyfin version: 10.9.0
jellyfin-v10.9.0-test  | [21:23:00] [INF] [1] Main: Environment Variables: ["[JELLYFIN_CACHE_DIR, /cache]", "[JELLYFIN_LOG_DIR, /config/log]", "[JELLYFIN_WEB_DIR, /jellyfin/jellyfin-web]", "[JELLYFIN_FFMPEG, /usr/lib/jellyfin-ffmpeg/ffmpeg]", "[JELLYFIN_CONFIG_DIR, /config/config]", "[JELLYFIN_PublishedServerUrl, http://localhost:8097]", "[JELLYFIN_DATA_DIR, /config]"]
jellyfin-v10.9.0-test  | [21:23:00] [INF] [1] Main: Arguments: ["/jellyfin/jellyfin.dll", "--ffmpeg", "/usr/lib/jellyfin-ffmpeg/ffmpeg"]
jellyfin-v10.9.0-test  | [21:23:00] [INF] [1] Main: Operating system: Debian GNU/Linux 12 (bookworm)
jellyfin-v10.9.0-test  | [21:23:00] [INF] [1] Main: Architecture: X64
jellyfin-v10.9.0-test  | [21:23:00] [INF] [1] Main: 64-Bit Process: True
jellyfin-v10.9.0-test  | [21:23:00] [INF] [1] Main: User Interactive: True
jellyfin-v10.9.0-test  | [21:23:00] [INF] [1] Main: Processor count: 16
jellyfin-v10.9.0-test  | [21:23:00] [INF] [1] Main: Program data path: /config
jellyfin-v10.9.0-test  | [21:23:00] [INF] [1] Main: Log directory path: /config/log
jellyfin-v10.9.0-test  | [21:23:00] [INF] [1] Main: Config directory path: /config/config
jellyfin-v10.9.0-test  | [21:23:00] [INF] [1] Main: Cache path: /cache
jellyfin-v10.9.0-test  | [21:23:00] [INF] [1] Main: Web resources path: /jellyfin/jellyfin-web
jellyfin-v10.9.0-test  | [21:23:00] [INF] [1] Main: Application directory: /jellyfin/
jellyfin-v10.9.0-test  | [21:23:00] [INF] [1] Emby.Server.Implementations.AppBase.BaseConfigurationManager: Setting cache path: /cache
jellyfin-v10.9.0-test  | [21:23:00] [INF] [1] Emby.Server.Implementations.ApplicationHost: Loading assemblies
jellyfin-v10.9.0-test  | [21:23:00] [INF] [1] Jellyfin.Networking.Manager.NetworkManager: Defined LAN addresses: ["127.0.0.1/8", "10.0.0.0/8", "172.16.0.0/12", "192.168.0.0/16"]
jellyfin-v10.9.0-test  | [21:23:00] [INF] [1] Jellyfin.Networking.Manager.NetworkManager: Defined LAN exclusions: []
jellyfin-v10.9.0-test  | [21:23:00] [INF] [1] Jellyfin.Networking.Manager.NetworkManager: Using LAN addresses: ["127.0.0.1/8", "10.0.0.0/8", "172.16.0.0/12", "192.168.0.0/16"]
jellyfin-v10.9.0-test  | [21:23:00] [INF] [1] Jellyfin.Networking.Manager.NetworkManager: Using bind addresses: ["127.0.0.1", "172.19.0.2"]
jellyfin-v10.9.0-test  | [21:23:00] [INF] [1] Jellyfin.Networking.Manager.NetworkManager: Remote IP filter is Allowlist
jellyfin-v10.9.0-test  | [21:23:00] [INF] [1] Jellyfin.Networking.Manager.NetworkManager: Filter list: []
jellyfin-v10.9.0-test  | [21:23:02] [INF] [1] Emby.Server.Implementations.Plugins.PluginManager: Loaded plugin: TMDb 10.9.0.0
jellyfin-v10.9.0-test  | [21:23:02] [INF] [1] Emby.Server.Implementations.Plugins.PluginManager: Loaded plugin: Studio Images 10.9.0.0
jellyfin-v10.9.0-test  | [21:23:02] [INF] [1] Emby.Server.Implementations.Plugins.PluginManager: Loaded plugin: OMDb 10.9.0.0
jellyfin-v10.9.0-test  | [21:23:02] [INF] [1] Emby.Server.Implementations.Plugins.PluginManager: Loaded plugin: MusicBrainz 10.9.0.0
jellyfin-v10.9.0-test  | [21:23:02] [INF] [1] Emby.Server.Implementations.Plugins.PluginManager: Loaded plugin: AudioDB 10.9.0.0
jellyfin-v10.9.0-test  | [21:23:02] [INF] [1] Main: Kestrel is listening on 127.0.0.1
jellyfin-v10.9.0-test  | [21:23:02] [INF] [1] Main: Kestrel is listening on 172.19.0.2
jellyfin-v10.9.0-test  | [21:23:03] [WRN] [1] Microsoft.AspNetCore.StaticFiles.StaticFileMiddleware: The WebRootPath was not found: /wwwroot. Static files may be unavailable.
jellyfin-v10.9.0-test  | [21:23:03] [INF] [1] Emby.Server.Implementations.ApplicationHost: Running startup tasks
jellyfin-v10.9.0-test  | [21:23:03] [INF] [1] Emby.Server.Implementations.ScheduledTasks.TaskManager: Daily trigger for Generate Trickplay Images set to fire at 2026-10-04 03:00:00.000 +07:00, which is 05:36:56.5099166 from now.
jellyfin-v10.9.0-test  | [21:23:03] [INF] [1] Emby.Server.Implementations.ScheduledTasks.TaskManager: Daily trigger for Extract Chapter Images set to fire at 2026-10-04 02:00:00.000 +07:00, which is 04:36:56.4990597 from now.
jellyfin-v10.9.0-test  | [21:23:03] [INF] [1] MediaBrowser.MediaEncoding.Encoder.MediaEncoder: Found ffmpeg version 6.0.1
jellyfin-v10.9.0-test  | [21:23:03] [INF] [1] MediaBrowser.MediaEncoding.Encoder.MediaEncoder: Available decoders: ["libdav1d", "av1", "av1_cuvid", "av1_qsv", "h264", "h264_qsv", "h264_cuvid", "hevc", "hevc_qsv", "hevc_cuvid", "mpeg2video", "mpeg2_qsv", "mpeg2_cuvid", "mpeg4", "mpeg4_cuvid", "msmpeg4", "vc1_qsv", "vc1_cuvid", "vp8", "libvpx", "vp8_cuvid", "vp8_qsv", "vp9", "libvpx-vp9", "vp9_cuvid", "vp9_qsv", "aac", "ac3", "dca", "flac", "mp3", "truehd"]
jellyfin-v10.9.0-test  | [21:23:03] [INF] [1] MediaBrowser.MediaEncoding.Encoder.MediaEncoder: Available encoders: ["libsvtav1", "av1_nvenc", "av1_qsv", "av1_amf", "av1_vaapi", "libx264", "h264_amf", "h264_nvenc", "h264_qsv", "h264_v4l2m2m", "h264_vaapi", "libx265", "hevc_amf", "hevc_nvenc", "hevc_qsv", "hevc_vaapi", "mjpeg_qsv", "mjpeg_vaapi", "mpeg4", "msmpeg4", "libvpx", "libvpx-vp9", "aac", "libfdk_aac", "ac3", "alac", "dca", "flac", "libmp3lame", "libopus", "truehd", "libvorbis", "srt"]
jellyfin-v10.9.0-test  | [21:23:03] [INF] [1] MediaBrowser.MediaEncoding.Encoder.MediaEncoder: Available filters: ["deinterlace_qsv", "deinterlace_vaapi", "hwupload_cuda", "hwupload_vaapi", "libplacebo", "overlay_opencl", "overlay_qsv", "overlay_vaapi", "overlay_vulkan", "overlay_cuda", "procamp_vaapi", "scale_cuda", "scale_opencl", "scale_qsv", "scale_vaapi", "scale_vulkan", "tonemap_cuda", "tonemap_opencl", "tonemap_vaapi", "vpp_qsv", "yadif_cuda", "zscale", "alphasrc"]
jellyfin-v10.9.0-test  | [21:23:04] [INF] [1] MediaBrowser.MediaEncoding.Encoder.MediaEncoder: Available hwaccel types: ["cuda", "vaapi", "qsv", "drm", "opencl", "vulkan"]
jellyfin-v10.9.0-test  | [21:23:04] [INF] [1] MediaBrowser.MediaEncoding.Encoder.MediaEncoder: FFmpeg: /usr/lib/jellyfin-ffmpeg/ffmpeg
jellyfin-v10.9.0-test  | [21:23:04] [INF] [1] Emby.Server.Implementations.ApplicationHost: ServerId: 87b043980fe548c7ac1b2656bdc43da8
jellyfin-v10.9.0-test  | [21:23:04] [INF] [1] Emby.Server.Implementations.ApplicationHost: Core startup complete
jellyfin-v10.9.0-test  | [21:23:04] [INF] [1] Main: Startup complete 0:00:04.4564267
jellyfin-v10.9.0-test  | [21:23:06] [INF] [15] Emby.Server.Implementations.ScheduledTasks.TaskManager: Clean up collections and playlists Completed after 0 minute(s) and 0 seconds
jellyfin-v10.9.0-test  | [21:23:07] [INF] [10] Jellyfin.Api.Auth.CustomAuthenticationHandler: AuthenticationScheme: CustomAuthentication was challenged.
jellyfin-v10.9.0-test  | [21:23:07] [INF] [15] Jellyfin.Server.Implementations.Users.UserManager: Authentication request for admin has succeeded.
jellyfin-v10.9.0-test  | [21:23:07] [INF] [15] Emby.Server.Implementations.Session.SessionManager: Current/Max sessions for user admin: 0/0
jellyfin-v10.9.0-test  | [21:23:08] [INF] [15] Emby.Server.Implementations.Session.SessionManager: Logging out access token [REDACTED]
jellyfin-v10.9.0-test  | [21:23:08] [INF] [11] Emby.Server.Implementations.ScheduledTasks.TaskManager: Update Plugins Completed after 0 minute(s) and 1 seconds
jellyfin-v10.9.0-test  | [21:23:08] [INF] [15] Emby.Server.Implementations.Session.SessionManager: Creating new access token for user 4b90482c-db29-4714-a2e6-a4ce3ceb181f
jellyfin-v10.9.0-test  | [21:23:08] [INF] [8] Emby.Server.Implementations.AppBase.BaseConfigurationManager: Saving system configuration
jellyfin-v10.9.0-test  | [21:23:08] [INF] [8] Emby.Server.Implementations.AppBase.BaseConfigurationManager: Setting cache path: /cache
jellyfin-v10.9.0-test  | [21:23:08] [INF] [10] Jellyfin.Networking.PortForwardingHost: Stopping NAT discovery
jellyfin-v10.9.0-test  | [21:23:08] [INF] [10] Jellyfin.Server.Implementations.Users.UserManager: Authentication request for admin has succeeded.
jellyfin-v10.9.0-test  | [21:23:08] [INF] [10] Emby.Server.Implementations.Session.SessionManager: Current/Max sessions for user admin: 1/0
jellyfin-v10.9.0-test  | [21:23:08] [INF] [10] Emby.Server.Implementations.Session.SessionManager: Logging out access token [REDACTED]
jellyfin-v10.9.0-test  | [21:23:08] [INF] [10] Emby.Server.Implementations.Session.SessionManager: Creating new access token for user 4b90482c-db29-4714-a2e6-a4ce3ceb181f
jellyfin-v10.9.0-test  | [21:23:08] [INF] [10] Emby.Server.Implementations.Library.LibraryManager: Validating media library
jellyfin-v10.9.0-test  | [21:23:09] [WRN] [10] MediaBrowser.Controller.Entities.BaseItem: Library folder /config/data/playlists is inaccessible or empty, skipping
jellyfin-v10.9.0-test  | [21:23:09] [WRN] [10] MediaBrowser.Controller.Entities.BaseItem: Library folder /config/data/playlists is inaccessible or empty, skipping
jellyfin-v10.9.0-test  | [21:23:09] [INF] [10] MediaBrowser.MediaEncoding.Encoder.MediaEncoder: Starting /usr/lib/jellyfin-ffmpeg/ffprobe with args -analyzeduration 200M -probesize 1G -i file:"/media/seed-music/02 - Comparison Tone.wav" -threads 0 -v warning -print_format json -show_streams -show_format
jellyfin-v10.9.0-test  | [21:23:09] [INF] [15] MediaBrowser.MediaEncoding.Encoder.MediaEncoder: Starting /usr/lib/jellyfin-ffmpeg/ffprobe with args -analyzeduration 200M -probesize 1G -i file:"/media/seed-music/01 - Reference Tone.wav" -threads 0 -v warning -print_format json -show_streams -show_format
jellyfin-v10.9.0-test  | [21:23:09] [INF] [10] Emby.Server.Implementations.ScheduledTasks.TaskManager: Scan Media Library Completed after 0 minute(s) and 0 seconds
jellyfin-v10.9.0-test  | [21:24:03] [INF] [11] Emby.Server.Implementations.Library.LibraryManager: Validating media library
jellyfin-v10.9.0-test  | [21:24:03] [WRN] [11] MediaBrowser.Controller.Entities.BaseItem: Library folder /config/data/playlists is inaccessible or empty, skipping
jellyfin-v10.9.0-test  | [21:24:03] [WRN] [18] MediaBrowser.Controller.Entities.BaseItem: Library folder /config/data/playlists is inaccessible or empty, skipping
jellyfin-v10.9.0-test  | [21:24:03] [INF] [16] Emby.Server.Implementations.ScheduledTasks.TaskManager: Scan Media Library Completed after 0 minute(s) and 0 seconds
jellyfin-v10.9.0-test  | [21:24:04] [INF] [18] Emby.Server.Implementations.ScheduledTasks.TaskManager: Update Plugins Completed after 0 minute(s) and 0 seconds
jellyfin-v10.9.0-test  | [22:23:03] [INF] [40] Emby.Server.Implementations.ScheduledTasks.Tasks.OptimizeDatabaseTask: Optimizing and vacuuming jellyfin.db...
jellyfin-v10.9.0-test  | [22:23:03] [INF] [34] Emby.Server.Implementations.ScheduledTasks.TaskManager: Download missing subtitles Completed after 0 minute(s) and 0 seconds
jellyfin-v10.9.0-test  | [22:23:03] [INF] [39] Emby.Server.Implementations.ScheduledTasks.TaskManager: Clean Transcode Directory Completed after 0 minute(s) and 0 seconds
jellyfin-v10.9.0-test  | [22:23:03] [INF] [36] Emby.Server.Implementations.ScheduledTasks.TaskManager: Clean Log Directory Completed after 0 minute(s) and 0 seconds
jellyfin-v10.9.0-test  | [22:23:03] [INF] [42] Emby.Server.Implementations.ScheduledTasks.TaskManager: Audio Normalization Completed after 0 minute(s) and 0 seconds
jellyfin-v10.9.0-test  | [22:23:04] [INF] [38] Emby.Server.Implementations.Library.LibraryManager: People validation complete
jellyfin-v10.9.0-test  | [22:23:04] [INF] [38] Emby.Server.Implementations.ScheduledTasks.TaskManager: Refresh People Completed after 0 minute(s) and 1 seconds
jellyfin-v10.9.0-test  | [22:23:04] [INF] [33] Emby.Server.Implementations.ScheduledTasks.TaskManager: Clean Cache Directory Completed after 0 minute(s) and 1 seconds
jellyfin-v10.9.0-test  | [22:23:04] [INF] [31] Emby.Server.Implementations.ScheduledTasks.TaskManager: TasksRefreshChannels Completed after 0 minute(s) and 1 seconds
jellyfin-v10.9.0-test  | [22:23:04] [INF] [40] Emby.Server.Implementations.ScheduledTasks.Tasks.OptimizeDatabaseTask: jellyfin.db optimized successfully!
jellyfin-v10.9.0-test  | [22:23:04] [INF] [40] Emby.Server.Implementations.ScheduledTasks.TaskManager: Optimize database Completed after 0 minute(s) and 1 seconds
jellyfin-v10.9.0-test  | [22:23:07] [INF] [40] Jellyfin.LiveTv.Guide.GuideManager: Refreshing guide with 7 days of guide data
jellyfin-v10.9.0-test  | [22:23:07] [INF] [40] Emby.Server.Implementations.ScheduledTasks.TaskManager: Refresh Guide Completed after 0 minute(s) and 4 seconds
jellyfin-v10.9.0-test  | [22:54:26] [INF] [85] Jellyfin.Api.Auth.CustomAuthenticationHandler: AuthenticationScheme: CustomAuthentication was challenged.
jellyfin-v10.9.0-test  | [22:54:26] [INF] [86] Jellyfin.Api.Auth.CustomAuthenticationHandler: AuthenticationScheme: CustomAuthentication was challenged.
jellyfin-v10.9.0-test  | [22:54:27] [INF] [86] Jellyfin.Api.Auth.CustomAuthenticationHandler: AuthenticationScheme: CustomAuthentication was challenged.
jellyfin-v10.9.0-test  | [22:57:34] [INF] [83] Jellyfin.Api.Auth.CustomAuthenticationHandler: AuthenticationScheme: CustomAuthentication was challenged.
jellyfin-v10.9.0-test  | [22:57:34] [INF] [85] Jellyfin.Api.Auth.CustomAuthenticationHandler: AuthenticationScheme: CustomAuthentication was challenged.
jellyfin-v10.9.0-test  | [22:57:36] [INF] [84] Jellyfin.Api.Auth.CustomAuthenticationHandler: AuthenticationScheme: CustomAuthentication was challenged.
jellyfin-v10.9.0-test  | [23:15:59] [INF] [22] Jellyfin.Server.Implementations.Users.UserManager: Authentication request for admin has succeeded.
jellyfin-v10.9.0-test  | [23:15:59] [INF] [22] Emby.Server.Implementations.Session.SessionManager: Current/Max sessions for user admin: 1/0
jellyfin-v10.9.0-test  | [23:15:59] [INF] [22] Emby.Server.Implementations.Session.SessionManager: Creating new access token for user 4b90482c-db29-4714-a2e6-a4ce3ceb181f
jellyfin-v10.9.0-test  | [23:23:04] [INF] [48] Emby.Server.Implementations.ScheduledTasks.Tasks.OptimizeDatabaseTask: Optimizing and vacuuming jellyfin.db...
jellyfin-v10.9.0-test  | [23:23:04] [INF] [50] Emby.Server.Implementations.ScheduledTasks.TaskManager: Clean Cache Directory Completed after 0 minute(s) and 0 seconds
jellyfin-v10.9.0-test  | [23:23:04] [INF] [48] Emby.Server.Implementations.ScheduledTasks.Tasks.OptimizeDatabaseTask: jellyfin.db optimized successfully!
jellyfin-v10.9.0-test  | [23:23:04] [INF] [48] Emby.Server.Implementations.ScheduledTasks.TaskManager: Optimize database Completed after 0 minute(s) and 0 seconds
jellyfin-v10.9.0-test  | [23:23:04] [INF] [55] Emby.Server.Implementations.ScheduledTasks.TaskManager: TasksRefreshChannels Completed after 0 minute(s) and 0 seconds
jellyfin-v10.9.0-test  | [23:23:04] [INF] [56] Emby.Server.Implementations.Library.LibraryManager: People validation complete
jellyfin-v10.9.0-test  | [23:23:04] [INF] [56] Emby.Server.Implementations.ScheduledTasks.TaskManager: Refresh People Completed after 0 minute(s) and 0 seconds
jellyfin-v10.9.0-test  | [23:23:07] [INF] [51] Jellyfin.LiveTv.Guide.GuideManager: Refreshing guide with 7 days of guide data
jellyfin-v10.9.0-test  | [23:23:07] [INF] [51] Emby.Server.Implementations.ScheduledTasks.TaskManager: Refresh Guide Completed after 0 minute(s) and 3 seconds
jellyfin-v10.9.0-test  | [23:23:56] [INF] [48] Jellyfin.Api.Auth.CustomAuthenticationHandler: AuthenticationScheme: CustomAuthentication was challenged.
